// Jest Snapshot v1, https://goo.gl/fbAQLP

exports[`attributes to props style parses CSS to JS 1`] = `
Object {
  "style": Object {
    "--custom-property": "#f00",
    "MozBorderRadiusBottomleft": "20px'",
    "WebkitBorderTopRightRadius": "10rem",
    "background": "url(data:image/png; base64,ivborw0kggoaaaansaaaabgdbtueaalgpc/xhbqaaaafzmuexurczmzpf399fx1+bm5mzy9avzxbesmgces5/p8/t9furvcrmu73jwlzosgsiizurcjo/ad+eqjjb4hv8bft+idpqocx1wjosbfhh2xssxeiyn3uli/6mnree07uiwjev8u8czwyuqdlkpg1bkb4nnm+veanfhqn1k4+gpt6ugqcvu2h2ovuif)",
    "borderBottomLeftRadius": "1em",
    "borderRightStyle": "solid",
    "color": "#f00",
    "fontSize": "42px",
    "zIndex": "-1",
  },
}
`;
