// Vitest Snapshot v1, https://vitest.dev/guide/snapshot.html

exports[`trim option > preserves whitespace text nodes when disabled if valid in parent (default) 1`] = `
<table>
  <tbody>
    <tr>
      <td>
        hello
      </td>
      <td>
        

      </td>
      <td>
         
      </td>
    </tr>
  </tbody>
</table>
`;
